Fri Jan 09 2026 15:0:12 [SERVER-NAME] info: [34m🔄 Connected to MongoDB[39m
Fri Jan 09 2026 15:0:13 [SERVER-NAME] info: [33m🧹 Cleared existing rules[39m
Fri Jan 09 2026 15:5:20 [SERVER-NAME] info: [34m🔄 Connected to MongoDB[39m
Fri Jan 09 2026 15:5:20 [SERVER-NAME] info: [33m🧹 Cleared existing rules[39m
Fri Jan 09 2026 15:5:20 [SERVER-NAME] info: [32m✨ --------------> Rules seeded successfully <-------------- ✨[39m
Fri Jan 09 2026 15:5:24 [SERVER-NAME] info: [34m🔄 Connected to MongoDB[39m
Fri Jan 09 2026 15:5:25 [SERVER-NAME] info: [33m🧹 Cleared existing rules[39m
Fri Jan 09 2026 15:5:25 [SERVER-NAME] info: [32m✨ --------------> Rules seeded successfully <-------------- ✨[39m
Fri Jan 09 2026 15:9:30 [SERVER-NAME] info: [34m🔄 Connected to MongoDB[39m
Fri Jan 09 2026 15:9:31 [SERVER-NAME] info: [33m🧹 Cleared existing rules[39m
Fri Jan 09 2026 15:9:31 [SERVER-NAME] info: [32m✨ --------------> Rules seeded successfully <-------------- ✨[39m
Fri Jan 09 2026 15:10:44 [SERVER-NAME] info: 10.10.7.105 - POST /api/v1/auth/login 200 - 263.216 ms
Fri Jan 09 2026 15:10:58 [SERVER-NAME] info: [34m🔄 Connected to MongoDB[39m
Fri Jan 09 2026 15:10:58 [SERVER-NAME] info: [33m🧹 Cleared existing rules[39m
Fri Jan 09 2026 15:10:58 [SERVER-NAME] info: [32m✨ --------------> Rules seeded successfully <-------------- ✨[39m
Fri Jan 09 2026 15:17:27 [SERVER-NAME] info: [34m🔄 Connected to MongoDB[39m
Fri Jan 09 2026 15:17:28 [SERVER-NAME] info: [33m🧹 Cleared existing rules[39m
Fri Jan 09 2026 15:17:28 [SERVER-NAME] info: [32m✨ --------------> Rules seeded successfully <-------------- ✨[39m
Fri Jan 09 2026 15:18:7 [SERVER-NAME] info: [34m🔄 Connected to MongoDB[39m
Fri Jan 09 2026 15:18:8 [SERVER-NAME] info: [33m🧹 Cleared existing rules[39m
Fri Jan 09 2026 15:18:8 [SERVER-NAME] info: [32m✨ --------------> Rules seeded successfully <-------------- ✨[39m
Fri Jan 09 2026 15:18:58 [SERVER-NAME] info: [34m🔄 Connected to MongoDB[39m
Fri Jan 09 2026 15:18:59 [SERVER-NAME] info: [33m🧹 Cleared existing rules[39m
Fri Jan 09 2026 15:19:26 [SERVER-NAME] info: [34m🔄 Connected to MongoDB[39m
Fri Jan 09 2026 15:19:27 [SERVER-NAME] info: [33m🧹 Cleared existing rules[39m
Fri Jan 09 2026 15:19:27 [SERVER-NAME] info: [32m✨ --------------> Rules seeded successfully <-------------- ✨[39m
Fri Jan 09 2026 15:19:54 [SERVER-NAME] info: [34m🔄 Connected to MongoDB[39m
Fri Jan 09 2026 15:19:54 [SERVER-NAME] info: [33m🧹 Cleared existing rules[39m
Fri Jan 09 2026 15:19:54 [SERVER-NAME] info: [32m✨ --------------> Rules seeded successfully <-------------- ✨[39m
Fri Jan 09 2026 15:20:13 [SERVER-NAME] info: [34m🔄 Connected to MongoDB[39m
Fri Jan 09 2026 15:20:13 [SERVER-NAME] info: [33m🧹 Cleared existing rules[39m
Fri Jan 09 2026 15:21:27 [SERVER-NAME] info: [34m🔄 Connected to MongoDB[39m
Fri Jan 09 2026 15:21:27 [SERVER-NAME] info: [33m🧹 Cleared existing rules[39m
Fri Jan 09 2026 15:22:26 [SERVER-NAME] info: [34m🔄 Connected to MongoDB[39m
Fri Jan 09 2026 15:22:26 [SERVER-NAME] info: [33m🧹 Cleared existing rules[39m
Fri Jan 09 2026 15:23:2 [SERVER-NAME] info: [34m🔄 Connected to MongoDB[39m
Fri Jan 09 2026 15:23:2 [SERVER-NAME] info: [33m🧹 Cleared existing rules[39m
Fri Jan 09 2026 15:27:20 [SERVER-NAME] info: [34m🔄 Connected to MongoDB[39m
Fri Jan 09 2026 15:27:20 [SERVER-NAME] info: [33m🧹 Cleared existing rules[39m
Fri Jan 09 2026 15:27:20 [SERVER-NAME] info: [32m✨ --------------> Rules seeded successfully <-------------- ✨[39m
Fri Jan 09 2026 15:28:46 [SERVER-NAME] info: 10.10.7.105 - POST /api/v1/users 200 - 428.554 ms
Fri Jan 09 2026 15:28:51 [SERVER-NAME] info: Mail send successfully
Fri Jan 09 2026 15:28:56 [SERVER-NAME] info: [34m🔄 Connected to MongoDB[39m
Fri Jan 09 2026 15:28:57 [SERVER-NAME] info: [33m🧹 Cleared existing rules[39m
Fri Jan 09 2026 15:28:57 [SERVER-NAME] info: [32m✨ --------------> Rules seeded successfully <-------------- ✨[39m
Fri Jan 09 2026 15:30:37 [SERVER-NAME] info: [34mSIGTERM received. Shutting down gracefully...[39m
Fri Jan 09 2026 15:30:37 [SERVER-NAME] info: [32mConfig validation successful.[39m
Fri Jan 09 2026 15:30:38 [SERVER-NAME] info: [46m🚀 Database connected successfully[49m
Fri Jan 09 2026 15:30:38 [SERVER-NAME] info: [33m♻️  Socket is listening on same port 7002[39m
Fri Jan 09 2026 15:30:38 [SERVER-NAME] info: [46m♻️  Application listening on http://10.10.7.103:7002[49m
Fri Jan 09 2026 15:32:26 [SERVER-NAME] info: 10.10.7.105 - POST /api/v1/auth/forget-password 200 - 115.523 ms
Fri Jan 09 2026 15:32:30 [SERVER-NAME] info: Mail send successfully
Fri Jan 09 2026 15:32:59 [SERVER-NAME] info: 10.10.7.105 - POST /api/v1/auth/verify-email 200 - 195.048 ms
Fri Jan 09 2026 15:42:53 [SERVER-NAME] info: [34m🔄 Connected to MongoDB[39m
Fri Jan 09 2026 15:42:53 [SERVER-NAME] info: [33m🧹 Cleared existing rules[39m
Fri Jan 09 2026 15:42:53 [SERVER-NAME] info: [32m✨ --------------> Rules seeded successfully <-------------- ✨[39m
Fri Jan 09 2026 15:43:9 [SERVER-NAME] info: [34m🔄 Connected to MongoDB[39m
Fri Jan 09 2026 15:43:9 [SERVER-NAME] info: [33m🧹 Cleared existing rules[39m
Fri Jan 09 2026 15:43:9 [SERVER-NAME] info: [32m✨ --------------> Rules seeded successfully <-------------- ✨[39m
Fri Jan 09 2026 15:43:54 [SERVER-NAME] info: [34m🔄 Connected to MongoDB[39m
Fri Jan 09 2026 15:43:55 [SERVER-NAME] info: [33m🧹 Cleared existing rules[39m
Fri Jan 09 2026 15:43:55 [SERVER-NAME] info: [32m✨ --------------> Rules seeded successfully <-------------- ✨[39m
Fri Jan 09 2026 15:46:27 [SERVER-NAME] info: 10.10.7.105 - POST /api/v1/auth/login 200 - 258.298 ms
Fri Jan 09 2026 15:46:33 [SERVER-NAME] info: [34m🔄 Connected to MongoDB[39m
Fri Jan 09 2026 15:46:34 [SERVER-NAME] info: [33m🧹 Cleared existing rules[39m
Fri Jan 09 2026 15:46:34 [SERVER-NAME] info: [32m✨ --------------> Rules seeded successfully <-------------- ✨[39m
Fri Jan 09 2026 15:48:54 [SERVER-NAME] info: 10.10.7.105 - POST /api/v1/auth/login 200 - 262.591 ms
Fri Jan 09 2026 15:57:19 [SERVER-NAME] info: [34mSIGTERM received. Shutting down gracefully...[39m
Fri Jan 09 2026 15:57:41 [SERVER-NAME] info: [32mConfig validation successful.[39m
Fri Jan 09 2026 15:57:42 [SERVER-NAME] info: [46m🚀 Database connected successfully[49m
Fri Jan 09 2026 15:57:42 [SERVER-NAME] info: [33m♻️  Socket is listening on same port 7002[39m
Fri Jan 09 2026 15:57:42 [SERVER-NAME] info: [46m♻️  Application listening on http://10.10.7.103:7002[49m
